exports[`test should render Html component with aphrodite styles when possible 1`] = `
<html
  lang="en">
  <head>
    <title
      data-react-helmet={true} />
    <meta
      charSet="utf-8" />
    <meta
      content="IE=edge"
      httpEquiv="X-UA-Compatible" />
    <meta
      content="width=device-width, initial-scale=1"
      name="viewport" />
    <style
      dangerouslySetInnerHTML={
        Object {
          "__html": ".stuff {}",
        }
      }
      data-aphrodite={undefined}
      data-react-helmet={true} />
    <link
      href="test.css"
      rel="stylesheet" />
    <script
      dangerouslySetInnerHTML={
        Object {
          "__html": "window._aphrodite = [\"stuff\"];",
        }
      }
      data-react-helmet={true} />
  </head>
  <body>
    <div
      dangerouslySetInnerHTML={
        Object {
          "__html": "<div />",
        }
      }
      id="phenomic" />
    <script
      phenomicStuff={true} />
    <script
      src="test.js" />
  </body>
</html>
`;
