exports[`test should render Html componnent 1`] = `
<html
  lang="en">
  <head>
    <title
      data-react-helmet={true} />
    <meta
      charSet="utf-8"
      data-react-helmet={true} />
    <meta
      content="IE=edge"
      data-react-helmet={true}
      httpEquiv="X-UA-Compatible" />
    <meta
      content="width=device-width, initial-scale=1"
      data-react-helmet={true}
      name="viewport" />
    <link
      data-react-helmet={true}
      href="test.css"
      rel="stylesheet" />
  </head>
  <body>
    <div />
    <script />
    <script
      data-react-helmet={true}
      src="test.css" />
  </body>
</html>
`;
