exports[`test should render PageError if page not found and PageError is available 1`] = `
<function PageError() /* istanbul ignore next */{return (/* istanbul ignore next */_react2.default.createElement( /* istanbul ignore next */"div", /* istanbul ignore next */{ className: "PageError" }));}
  error="Test" />
`;

exports[`test should render a Page if page is ok 1`] = `<function Page() /* istanbul ignore next */{return (/* istanbul ignore next */_react2.default.createElement( /* istanbul ignore next */"div", /* istanbul ignore next */{ className: "Page" }));} />`;

exports[`test should render a another page layout if defaultLayout is used 1`] = `<function AnotherPage() /* istanbul ignore next */{return (/* istanbul ignore next */_react2.default.createElement( /* istanbul ignore next */"div", /* istanbul ignore next */{ className: "AnotherPage" }));} />`;

exports[`test should render a visible error if page is not ok and no PageError
available 1`] = `
<div
  style={
    Object {
      "text-align": "center",
    }
  }>
  <h1>
    Test
  </h1>
  <p />
</div>
`;
